Running nvmeof-tcp/004
Testing hash hmac(sha384)
nvme-subsys0 - NQN=blktests-subsystem-1
\
 +- nvme0 tcp traddr=127.0.0.1,trsvcid=4420 live
NQN:blktests-subsystem-1 disconnected 1 controller(s)
Testing hash hmac(sha512)
nvme-subsys0 - NQN=blktests-subsystem-1
\
 +- nvme0 tcp traddr=127.0.0.1,trsvcid=4420 live
NQN:blktests-subsystem-1 disconnected 1 controller(s)
Testing DH group ffdhe2048
nvme-subsys0 - NQN=blktests-subsystem-1
\
 +- nvme0 tcp traddr=127.0.0.1,trsvcid=4420 live
NQN:blktests-subsystem-1 disconnected 1 controller(s)
Testing DH group ffdhe3072
nvme-subsys0 - NQN=blktests-subsystem-1
\
 +- nvme0 tcp traddr=127.0.0.1,trsvcid=4420 live
NQN:blktests-subsystem-1 disconnected 1 controller(s)
Testing DH group ffdhe4096
nvme-subsys0 - NQN=blktests-subsystem-1
\
 +- nvme0 tcp traddr=127.0.0.1,trsvcid=4420 live
NQN:blktests-subsystem-1 disconnected 1 controller(s)
Testing DH group ffdhe6144
nvme-subsys0 - NQN=blktests-subsystem-1
\
 +- nvme0 tcp traddr=127.0.0.1,trsvcid=4420 live
NQN:blktests-subsystem-1 disconnected 1 controller(s)
Testing DH group ffdhe8192
nvme-subsys0 - NQN=blktests-subsystem-1
\
 +- nvme0 tcp traddr=127.0.0.1,trsvcid=4420 live
NQN:blktests-subsystem-1 disconnected 1 controller(s)
Test complete
