Running nvme/014
NVMe Flush: success
Test complete
