Running nvme/015
NVMe Flush: success
Test complete
