Running nvme/040
NQN:blktests-subsystem-1 disconnected 2 controller(s)
Test complete
