Running nvme/041
Test unauthenticated connection (should fail)
NQN:blktests-subsystem-1 disconnected 0 controller(s)
Test authenticated connection
NQN:blktests-subsystem-1 disconnected 1 controller(s)
Test complete
