Running nvme/043
Testing hash hmac(sha256)
Testing hash hmac(sha384)
Testing hash hmac(sha512)
Testing DH group ffdhe2048
Testing DH group ffdhe3072
Testing DH group ffdhe4096
Testing DH group ffdhe6144
Testing DH group ffdhe8192
Test complete
