Running nvme/054
ANA failover
ANA failback
disconnected 4 controller(s)
Test complete
