Running nvme/055
Remap namespace #1
Remap namespace #2
Remap namespace #0
disconnected 6 controller(s)
Test complete
